STDOUT:

STDERR:
ERROR: 133 required placeholder occurrence(s) still present
  - <PROJECT_NAME> in docs/ai/catalog.md:247
  - <PROJECT_NAME> in docs/ai/catalog.md:247
  - <PROJECT_NAME> in docs/ai/catalog.md:260
  - <PROJECT_NAME> in docs/ai/catalog.md:261
  - <PROJECT_NAME> in docs/ai/catalog.md:267
  - <PROJECT_NAME> in docs/ai/catalog.md:268
  - <PROJECT_NAME> in docs/ai/catalog.md:307
  - <PROJECT_NAME> in docs/ai/catalog.md:308
  - <PROJECT_NAME> in docs/ai/catalog.md:309
  - <PROJECT_NAME> in docs/ai/catalog.md:310
  - <PROJECT_NAME> in docs/ai/catalog.md:311
  - <PROJECT_NAME> in docs/ai/catalog.md:313
  - <PROJECT_NAME> in docs/ai/catalog.md:354
  - <PROJECT_NAME> in docs/ai/generated/advisor-context.md:591
  - <PROJECT_NAME> in docs/ai/generated/advisor-context.md:594
  - <PROJECT_NAME> in docs/ai/generated/advisor-context.md:695
  - <PROJECT_NAME> in docs/ai/generated/advisor-context.md:703
  - <PROJECT_NAME> in docs/ai/generated/advisor-context.md:751
  - <PROJECT_NAME> in docs/ai/generated/advisor-context.md:759
  - <PROJECT_NAME> in docs/ai/generated/advisor-context.md:1074
  - <PROJECT_NAME> in docs/ai/generated/advisor-context.md:1082
  - <PROJECT_NAME> in docs/ai/generated/advisor-context.md:1090
  - <PROJECT_NAME> in docs/ai/generated/advisor-context.md:1098
  - <PROJECT_NAME> in docs/ai/generated/advisor-context.md:1106
  - <PROJECT_NAME> in docs/ai/generated/advisor-context.md:1122
  - <PROJECT_NAME> in docs/ai/generated/advisor-context.md:1450
  - <PROJECT_NAME> in docs/ai/generated/advisor-context.md:22885
  - <PROJECT_NAME> in docs/ai/generated/advisor-context.md:24985
  - <PROJECT_TYPE> in docs/ai/generated/advisor-context.md:24985
  - <PRIMARY_LANGUAGE> in docs/ai/generated/advisor-context.md:24985
  - <PRIMARY_RUNTIME> in docs/ai/generated/advisor-context.md:24985
  - <SOURCE_DIRS> in docs/ai/generated/advisor-context.md:24986
  - <TEST_DIRS> in docs/ai/generated/advisor-context.md:24986
  - <TEST_COMMAND> in docs/ai/generated/advisor-context.md:24986
  - <BUILD_COMMAND> in docs/ai/generated/advisor-context.md:24986
  - <LINT_COMMAND> in docs/ai/generated/advisor-context.md:24987
  - <PACKAGE_MANAGER> in docs/ai/generated/advisor-context.md:24987
  - <CI_COMMANDS> in docs/ai/generated/advisor-context.md:24987
  - <PROTECTED_PATHS> in docs/ai/generated/advisor-context.md:24987
  - <PRIMARY_STACK> in docs/ai/generated/advisor-context.md:24990
  - <FILE_PLACEMENT_RULES> in docs/ai/generated/advisor-context.md:24990
  - <NAMING_RULES> in docs/ai/generated/advisor-context.md:24990
  - <GOLDEN_EXAMPLES> in docs/ai/generated/advisor-context.md:24991
  - <FORMATTER_CONFIG_FILES> in docs/ai/generated/advisor-context.md:24991
  - <LINTER_CONFIG_FILES> in docs/ai/generated/advisor-context.md:24991
  - <EDITORCONFIG_PATH> in docs/ai/generated/advisor-context.md:24992
  - <IGNORE_FILES> in docs/ai/generated/advisor-context.md:24992
  - <GENERATED_FILES> in docs/ai/generated/advisor-context.md:24992
  - <PROTECTED_FILES> in docs/ai/generated/advisor-context.md:24993
  - <INSTALL_COMMAND> in docs/ai/generated/advisor-context.md:24993
  - <FORMAT_COMMAND> in docs/ai/generated/advisor-context.md:24993
  - <PROJECT_NAME> in docs/ai/generated/advisor-context.md:25042
  - <PROJECT_TYPE> in docs/ai/generated/advisor-context.md:25044
  - <PRIMARY_LANGUAGE> in docs/ai/generated/advisor-context.md:25045
  - <PRIMARY_RUNTIME> in docs/ai/generated/advisor-context.md:25046
  - <SOURCE_DIRS> in docs/ai/generated/advisor-context.md:25058
  - <TEST_DIRS> in docs/ai/generated/advisor-context.md:25059
  - <TEST_COMMAND> in docs/ai/generated/advisor-context.md:25060
  - <BUILD_COMMAND> in docs/ai/generated/advisor-context.md:25061
  - <LINT_COMMAND> in docs/ai/generated/advisor-context.md:25062
  - <PACKAGE_MANAGER> in docs/ai/generated/advisor-context.md:25063
  - <CI_COMMANDS> in docs/ai/generated/advisor-context.md:25064
  - <PROTECTED_PATHS> in docs/ai/generated/advisor-context.md:25065
  - <PRIMARY_STACK> in docs/ai/generated/advisor-context.md:25082
  - <FILE_PLACEMENT_RULES> in docs/ai/generated/advisor-context.md:25083
  - <NAMING_RULES> in docs/ai/generated/advisor-context.md:25084
  - <GOLDEN_EXAMPLES> in docs/ai/generated/advisor-context.md:25085
  - <FORMATTER_CONFIG_FILES> in docs/ai/generated/advisor-context.md:25086
  - <LINTER_CONFIG_FILES> in docs/ai/generated/advisor-context.md:25087
  - <EDITORCONFIG_PATH> in docs/ai/generated/advisor-context.md:25088
  - <IGNORE_FILES> in docs/ai/generated/advisor-context.md:25089
  - <GENERATED_FILES> in docs/ai/generated/advisor-context.md:25090
  - <PROTECTED_FILES> in docs/ai/generated/advisor-context.md:25091
  - <INSTALL_COMMAND> in docs/ai/generated/advisor-context.md:25092
  - <FORMAT_COMMAND> in docs/ai/generated/advisor-context.md:25093
  - <PROJECT_NAME> in docs/ai/generated/advisor-context.md:30801
  - <PROJECT_NAME> in docs/ai/generated/advisor-context.md:32737
  - <PROJECT_TYPE> in docs/ai/generated/advisor-context.md:32738
  - <PRIMARY_LANGUAGE> in docs/ai/generated/advisor-context.md:32738
  - <PRIMARY_RUNTIME> in docs/ai/generated/advisor-context.md:32738
  - <SOURCE_DIRS> in docs/ai/generated/advisor-context.md:32738
  - <TEST_DIRS> in docs/ai/generated/advisor-context.md:32739
  - <TEST_COMMAND> in docs/ai/generated/advisor-context.md:32739
  - <BUILD_COMMAND> in docs/ai/generated/advisor-context.md:32739
  - <LINT_COMMAND> in docs/ai/generated/advisor-context.md:32739
  - <PACKAGE_MANAGER> in docs/ai/generated/advisor-context.md:32740
  - <CI_COMMANDS> in docs/ai/generated/advisor-context.md:32740
  - <PROTECTED_PATHS> in docs/ai/generated/advisor-context.md:32740
  - <PRIMARY_STACK> in docs/ai/generated/advisor-context.md:32740
  - <FILE_PLACEMENT_RULES> in docs/ai/generated/advisor-context.md:32741
  - <NAMING_RULES> in docs/ai/generated/advisor-context.md:32741
  - <GOLDEN_EXAMPLES> in docs/ai/generated/advisor-context.md:32741
  - <FORMATTER_CONFIG_FILES> in docs/ai/generated/advisor-context.md:32742
  - <LINTER_CONFIG_FILES> in docs/ai/generated/advisor-context.md:32742
  - <EDITORCONFIG_PATH> in docs/ai/generated/advisor-context.md:32742
  - <IGNORE_FILES> in docs/ai/generated/advisor-context.md:32743
  - <GENERATED_FILES> in docs/ai/generated/advisor-context.md:32743
  - <PROTECTED_FILES> in docs/ai/generated/advisor-context.md:32743
  - <INSTALL_COMMAND> in docs/ai/generated/advisor-context.md:32744
  - <FORMAT_COMMAND> in docs/ai/generated/advisor-context.md:32744
  - <PRIMARY_STACK> in docs/ai/generated/install-manifest.json:411
  - <FILE_PLACEMENT_RULES> in docs/ai/generated/install-manifest.json:412
  - <NAMING_RULES> in docs/ai/generated/install-manifest.json:413
  - <GOLDEN_EXAMPLES> in docs/ai/generated/install-manifest.json:414
  - <FORMATTER_CONFIG_FILES> in docs/ai/generated/install-manifest.json:415
  - <LINTER_CONFIG_FILES> in docs/ai/generated/install-manifest.json:416
  - <EDITORCONFIG_PATH> in docs/ai/generated/install-manifest.json:417
  - <IGNORE_FILES> in docs/ai/generated/install-manifest.json:418
  - <INSTALL_COMMAND> in docs/ai/generated/install-manifest.json:419
  - <FORMAT_COMMAND> in docs/ai/generated/install-manifest.json:420
  - <GENERATED_FILES> in docs/ai/generated/install-manifest.json:421
  - <PROTECTED_FILES> in docs/ai/generated/install-manifest.json:422
  - <FILE_PLACEMENT_RULES> in docs/ai/project-context-placeholders.md:7
  - <NAMING_RULES> in docs/ai/project-context-placeholders.md:8
  - <GOLDEN_EXAMPLES> in docs/ai/project-context-placeholders.md:9
  - <FORMATTER_CONFIG_FILES> in docs/ai/project-context-placeholders.md:16
  - <LINTER_CONFIG_FILES> in docs/ai/project-context-placeholders.md:17
  - <EDITORCONFIG_PATH> in docs/ai/project-context-placeholders.md:18
  - <IGNORE_FILES> in docs/ai/project-context-placeholders.md:19
  - <INSTALL_COMMAND> in docs/ai/project-context-placeholders.md:31
  - <FORMAT_COMMAND> in docs/ai/project-context-placeholders.md:33
  - <PRIMARY_STACK> in docs/ai/project-context.md:12
  - <FILE_PLACEMENT_RULES> in docs/ai/project-context.md:51
  - <NAMING_RULES> in docs/ai/project-context.md:52
  - <GOLDEN_EXAMPLES> in docs/ai/project-context.md:53
  - <FORMATTER_CONFIG_FILES> in docs/ai/project-context.md:60
  - <LINTER_CONFIG_FILES> in docs/ai/project-context.md:61
  - <EDITORCONFIG_PATH> in docs/ai/project-context.md:62
  - <IGNORE_FILES> in docs/ai/project-context.md:63
  - <GENERATED_FILES> in docs/ai/project-context.md:74
  - <PROTECTED_FILES> in docs/ai/project-context.md:75
  - <INSTALL_COMMAND> in docs/ai/project-context.md:88
  - <FORMAT_COMMAND> in docs/ai/project-context.md:90
Install is not complete. Resolve every required placeholder before trusting AI write-capable flows.
See packages/ai-universal-rules/PLACEHOLDERS.md for substitution guidance.
