STDOUT:

STDERR:
ERROR: 133 required placeholder occurrence(s) still present
  - <PROJECT_NAME> in docs/ai/catalog.md:248
  - <PROJECT_NAME> in docs/ai/catalog.md:248
  - <PROJECT_NAME> in docs/ai/catalog.md:261
  - <PROJECT_NAME> in docs/ai/catalog.md:262
  - <PROJECT_NAME> in docs/ai/catalog.md:268
  - <PROJECT_NAME> in docs/ai/catalog.md:269
  - <PROJECT_NAME> in docs/ai/catalog.md:308
  - <PROJECT_NAME> in docs/ai/catalog.md:309
  - <PROJECT_NAME> in docs/ai/catalog.md:310
  - <PROJECT_NAME> in docs/ai/catalog.md:311
  - <PROJECT_NAME> in docs/ai/catalog.md:312
  - <PROJECT_NAME> in docs/ai/catalog.md:314
  - <PROJECT_NAME> in docs/ai/catalog.md:355
  - <PROJECT_NAME> in docs/ai/generated/advisor-context.md:612
  - <PROJECT_NAME> in docs/ai/generated/advisor-context.md:615
  - <PROJECT_NAME> in docs/ai/generated/advisor-context.md:716
  - <PROJECT_NAME> in docs/ai/generated/advisor-context.md:724
  - <PROJECT_NAME> in docs/ai/generated/advisor-context.md:772
  - <PROJECT_NAME> in docs/ai/generated/advisor-context.md:780
  - <PROJECT_NAME> in docs/ai/generated/advisor-context.md:1095
  - <PROJECT_NAME> in docs/ai/generated/advisor-context.md:1103
  - <PROJECT_NAME> in docs/ai/generated/advisor-context.md:1111
  - <PROJECT_NAME> in docs/ai/generated/advisor-context.md:1119
  - <PROJECT_NAME> in docs/ai/generated/advisor-context.md:1127
  - <PROJECT_NAME> in docs/ai/generated/advisor-context.md:1143
  - <PROJECT_NAME> in docs/ai/generated/advisor-context.md:1471
  - <PROJECT_NAME> in docs/ai/generated/advisor-context.md:23894
  - <PROJECT_NAME> in docs/ai/generated/advisor-context.md:25994
  - <PROJECT_TYPE> in docs/ai/generated/advisor-context.md:25994
  - <PRIMARY_LANGUAGE> in docs/ai/generated/advisor-context.md:25994
  - <PRIMARY_RUNTIME> in docs/ai/generated/advisor-context.md:25994
  - <SOURCE_DIRS> in docs/ai/generated/advisor-context.md:25995
  - <TEST_DIRS> in docs/ai/generated/advisor-context.md:25995
  - <TEST_COMMAND> in docs/ai/generated/advisor-context.md:25995
  - <BUILD_COMMAND> in docs/ai/generated/advisor-context.md:25995
  - <LINT_COMMAND> in docs/ai/generated/advisor-context.md:25996
  - <PACKAGE_MANAGER> in docs/ai/generated/advisor-context.md:25996
  - <CI_COMMANDS> in docs/ai/generated/advisor-context.md:25996
  - <PROTECTED_PATHS> in docs/ai/generated/advisor-context.md:25996
  - <PRIMARY_STACK> in docs/ai/generated/advisor-context.md:25999
  - <FILE_PLACEMENT_RULES> in docs/ai/generated/advisor-context.md:25999
  - <NAMING_RULES> in docs/ai/generated/advisor-context.md:25999
  - <GOLDEN_EXAMPLES> in docs/ai/generated/advisor-context.md:26000
  - <FORMATTER_CONFIG_FILES> in docs/ai/generated/advisor-context.md:26000
  - <LINTER_CONFIG_FILES> in docs/ai/generated/advisor-context.md:26000
  - <EDITORCONFIG_PATH> in docs/ai/generated/advisor-context.md:26001
  - <IGNORE_FILES> in docs/ai/generated/advisor-context.md:26001
  - <GENERATED_FILES> in docs/ai/generated/advisor-context.md:26001
  - <PROTECTED_FILES> in docs/ai/generated/advisor-context.md:26002
  - <INSTALL_COMMAND> in docs/ai/generated/advisor-context.md:26002
  - <FORMAT_COMMAND> in docs/ai/generated/advisor-context.md:26002
  - <PROJECT_NAME> in docs/ai/generated/advisor-context.md:26051
  - <PROJECT_TYPE> in docs/ai/generated/advisor-context.md:26053
  - <PRIMARY_LANGUAGE> in docs/ai/generated/advisor-context.md:26054
  - <PRIMARY_RUNTIME> in docs/ai/generated/advisor-context.md:26055
  - <SOURCE_DIRS> in docs/ai/generated/advisor-context.md:26067
  - <TEST_DIRS> in docs/ai/generated/advisor-context.md:26068
  - <TEST_COMMAND> in docs/ai/generated/advisor-context.md:26069
  - <BUILD_COMMAND> in docs/ai/generated/advisor-context.md:26070
  - <LINT_COMMAND> in docs/ai/generated/advisor-context.md:26071
  - <PACKAGE_MANAGER> in docs/ai/generated/advisor-context.md:26072
  - <CI_COMMANDS> in docs/ai/generated/advisor-context.md:26073
  - <PROTECTED_PATHS> in docs/ai/generated/advisor-context.md:26074
  - <PRIMARY_STACK> in docs/ai/generated/advisor-context.md:26091
  - <FILE_PLACEMENT_RULES> in docs/ai/generated/advisor-context.md:26092
  - <NAMING_RULES> in docs/ai/generated/advisor-context.md:26093
  - <GOLDEN_EXAMPLES> in docs/ai/generated/advisor-context.md:26094
  - <FORMATTER_CONFIG_FILES> in docs/ai/generated/advisor-context.md:26095
  - <LINTER_CONFIG_FILES> in docs/ai/generated/advisor-context.md:26096
  - <EDITORCONFIG_PATH> in docs/ai/generated/advisor-context.md:26097
  - <IGNORE_FILES> in docs/ai/generated/advisor-context.md:26098
  - <GENERATED_FILES> in docs/ai/generated/advisor-context.md:26099
  - <PROTECTED_FILES> in docs/ai/generated/advisor-context.md:26100
  - <INSTALL_COMMAND> in docs/ai/generated/advisor-context.md:26101
  - <FORMAT_COMMAND> in docs/ai/generated/advisor-context.md:26102
  - <PROJECT_NAME> in docs/ai/generated/advisor-context.md:31832
  - <PROJECT_NAME> in docs/ai/generated/advisor-context.md:33768
  - <PROJECT_TYPE> in docs/ai/generated/advisor-context.md:33769
  - <PRIMARY_LANGUAGE> in docs/ai/generated/advisor-context.md:33769
  - <PRIMARY_RUNTIME> in docs/ai/generated/advisor-context.md:33769
  - <SOURCE_DIRS> in docs/ai/generated/advisor-context.md:33769
  - <TEST_DIRS> in docs/ai/generated/advisor-context.md:33770
  - <TEST_COMMAND> in docs/ai/generated/advisor-context.md:33770
  - <BUILD_COMMAND> in docs/ai/generated/advisor-context.md:33770
  - <LINT_COMMAND> in docs/ai/generated/advisor-context.md:33770
  - <PACKAGE_MANAGER> in docs/ai/generated/advisor-context.md:33771
  - <CI_COMMANDS> in docs/ai/generated/advisor-context.md:33771
  - <PROTECTED_PATHS> in docs/ai/generated/advisor-context.md:33771
  - <PRIMARY_STACK> in docs/ai/generated/advisor-context.md:33771
  - <FILE_PLACEMENT_RULES> in docs/ai/generated/advisor-context.md:33772
  - <NAMING_RULES> in docs/ai/generated/advisor-context.md:33772
  - <GOLDEN_EXAMPLES> in docs/ai/generated/advisor-context.md:33772
  - <FORMATTER_CONFIG_FILES> in docs/ai/generated/advisor-context.md:33773
  - <LINTER_CONFIG_FILES> in docs/ai/generated/advisor-context.md:33773
  - <EDITORCONFIG_PATH> in docs/ai/generated/advisor-context.md:33773
  - <IGNORE_FILES> in docs/ai/generated/advisor-context.md:33774
  - <GENERATED_FILES> in docs/ai/generated/advisor-context.md:33774
  - <PROTECTED_FILES> in docs/ai/generated/advisor-context.md:33774
  - <INSTALL_COMMAND> in docs/ai/generated/advisor-context.md:33775
  - <FORMAT_COMMAND> in docs/ai/generated/advisor-context.md:33775
  - <PRIMARY_STACK> in docs/ai/generated/install-manifest.json:411
  - <FILE_PLACEMENT_RULES> in docs/ai/generated/install-manifest.json:412
  - <NAMING_RULES> in docs/ai/generated/install-manifest.json:413
  - <GOLDEN_EXAMPLES> in docs/ai/generated/install-manifest.json:414
  - <FORMATTER_CONFIG_FILES> in docs/ai/generated/install-manifest.json:415
  - <LINTER_CONFIG_FILES> in docs/ai/generated/install-manifest.json:416
  - <EDITORCONFIG_PATH> in docs/ai/generated/install-manifest.json:417
  - <IGNORE_FILES> in docs/ai/generated/install-manifest.json:418
  - <INSTALL_COMMAND> in docs/ai/generated/install-manifest.json:419
  - <FORMAT_COMMAND> in docs/ai/generated/install-manifest.json:420
  - <GENERATED_FILES> in docs/ai/generated/install-manifest.json:421
  - <PROTECTED_FILES> in docs/ai/generated/install-manifest.json:422
  - <FILE_PLACEMENT_RULES> in docs/ai/project-context-placeholders.md:7
  - <NAMING_RULES> in docs/ai/project-context-placeholders.md:8
  - <GOLDEN_EXAMPLES> in docs/ai/project-context-placeholders.md:9
  - <FORMATTER_CONFIG_FILES> in docs/ai/project-context-placeholders.md:16
  - <LINTER_CONFIG_FILES> in docs/ai/project-context-placeholders.md:17
  - <EDITORCONFIG_PATH> in docs/ai/project-context-placeholders.md:18
  - <IGNORE_FILES> in docs/ai/project-context-placeholders.md:19
  - <INSTALL_COMMAND> in docs/ai/project-context-placeholders.md:31
  - <FORMAT_COMMAND> in docs/ai/project-context-placeholders.md:33
  - <PRIMARY_STACK> in docs/ai/project-context.md:12
  - <FILE_PLACEMENT_RULES> in docs/ai/project-context.md:51
  - <NAMING_RULES> in docs/ai/project-context.md:52
  - <GOLDEN_EXAMPLES> in docs/ai/project-context.md:53
  - <FORMATTER_CONFIG_FILES> in docs/ai/project-context.md:60
  - <LINTER_CONFIG_FILES> in docs/ai/project-context.md:61
  - <EDITORCONFIG_PATH> in docs/ai/project-context.md:62
  - <IGNORE_FILES> in docs/ai/project-context.md:63
  - <GENERATED_FILES> in docs/ai/project-context.md:74
  - <PROTECTED_FILES> in docs/ai/project-context.md:75
  - <INSTALL_COMMAND> in docs/ai/project-context.md:88
  - <FORMAT_COMMAND> in docs/ai/project-context.md:90
Install is not complete. Resolve every required placeholder before trusting AI write-capable flows.
See packages/ai-universal-rules/PLACEHOLDERS.md for substitution guidance.
