STDOUT:

STDERR:
ERROR: 133 required placeholder occurrence(s) still present
  - <PROJECT_NAME> in docs/ai/catalog.md:247
  - <PROJECT_NAME> in docs/ai/catalog.md:247
  - <PROJECT_NAME> in docs/ai/catalog.md:260
  - <PROJECT_NAME> in docs/ai/catalog.md:261
  - <PROJECT_NAME> in docs/ai/catalog.md:267
  - <PROJECT_NAME> in docs/ai/catalog.md:268
  - <PROJECT_NAME> in docs/ai/catalog.md:307
  - <PROJECT_NAME> in docs/ai/catalog.md:308
  - <PROJECT_NAME> in docs/ai/catalog.md:309
  - <PROJECT_NAME> in docs/ai/catalog.md:310
  - <PROJECT_NAME> in docs/ai/catalog.md:311
  - <PROJECT_NAME> in docs/ai/catalog.md:313
  - <PROJECT_NAME> in docs/ai/catalog.md:354
  - <PROJECT_NAME> in docs/ai/generated/advisor-context.md:593
  - <PROJECT_NAME> in docs/ai/generated/advisor-context.md:596
  - <PROJECT_NAME> in docs/ai/generated/advisor-context.md:697
  - <PROJECT_NAME> in docs/ai/generated/advisor-context.md:705
  - <PROJECT_NAME> in docs/ai/generated/advisor-context.md:753
  - <PROJECT_NAME> in docs/ai/generated/advisor-context.md:761
  - <PROJECT_NAME> in docs/ai/generated/advisor-context.md:1076
  - <PROJECT_NAME> in docs/ai/generated/advisor-context.md:1084
  - <PROJECT_NAME> in docs/ai/generated/advisor-context.md:1092
  - <PROJECT_NAME> in docs/ai/generated/advisor-context.md:1100
  - <PROJECT_NAME> in docs/ai/generated/advisor-context.md:1108
  - <PROJECT_NAME> in docs/ai/generated/advisor-context.md:1124
  - <PROJECT_NAME> in docs/ai/generated/advisor-context.md:1452
  - <PROJECT_NAME> in docs/ai/generated/advisor-context.md:23000
  - <PROJECT_NAME> in docs/ai/generated/advisor-context.md:25100
  - <PROJECT_TYPE> in docs/ai/generated/advisor-context.md:25100
  - <PRIMARY_LANGUAGE> in docs/ai/generated/advisor-context.md:25100
  - <PRIMARY_RUNTIME> in docs/ai/generated/advisor-context.md:25100
  - <SOURCE_DIRS> in docs/ai/generated/advisor-context.md:25101
  - <TEST_DIRS> in docs/ai/generated/advisor-context.md:25101
  - <TEST_COMMAND> in docs/ai/generated/advisor-context.md:25101
  - <BUILD_COMMAND> in docs/ai/generated/advisor-context.md:25101
  - <LINT_COMMAND> in docs/ai/generated/advisor-context.md:25102
  - <PACKAGE_MANAGER> in docs/ai/generated/advisor-context.md:25102
  - <CI_COMMANDS> in docs/ai/generated/advisor-context.md:25102
  - <PROTECTED_PATHS> in docs/ai/generated/advisor-context.md:25102
  - <PRIMARY_STACK> in docs/ai/generated/advisor-context.md:25105
  - <FILE_PLACEMENT_RULES> in docs/ai/generated/advisor-context.md:25105
  - <NAMING_RULES> in docs/ai/generated/advisor-context.md:25105
  - <GOLDEN_EXAMPLES> in docs/ai/generated/advisor-context.md:25106
  - <FORMATTER_CONFIG_FILES> in docs/ai/generated/advisor-context.md:25106
  - <LINTER_CONFIG_FILES> in docs/ai/generated/advisor-context.md:25106
  - <EDITORCONFIG_PATH> in docs/ai/generated/advisor-context.md:25107
  - <IGNORE_FILES> in docs/ai/generated/advisor-context.md:25107
  - <GENERATED_FILES> in docs/ai/generated/advisor-context.md:25107
  - <PROTECTED_FILES> in docs/ai/generated/advisor-context.md:25108
  - <INSTALL_COMMAND> in docs/ai/generated/advisor-context.md:25108
  - <FORMAT_COMMAND> in docs/ai/generated/advisor-context.md:25108
  - <PROJECT_NAME> in docs/ai/generated/advisor-context.md:25157
  - <PROJECT_TYPE> in docs/ai/generated/advisor-context.md:25159
  - <PRIMARY_LANGUAGE> in docs/ai/generated/advisor-context.md:25160
  - <PRIMARY_RUNTIME> in docs/ai/generated/advisor-context.md:25161
  - <SOURCE_DIRS> in docs/ai/generated/advisor-context.md:25173
  - <TEST_DIRS> in docs/ai/generated/advisor-context.md:25174
  - <TEST_COMMAND> in docs/ai/generated/advisor-context.md:25175
  - <BUILD_COMMAND> in docs/ai/generated/advisor-context.md:25176
  - <LINT_COMMAND> in docs/ai/generated/advisor-context.md:25177
  - <PACKAGE_MANAGER> in docs/ai/generated/advisor-context.md:25178
  - <CI_COMMANDS> in docs/ai/generated/advisor-context.md:25179
  - <PROTECTED_PATHS> in docs/ai/generated/advisor-context.md:25180
  - <PRIMARY_STACK> in docs/ai/generated/advisor-context.md:25197
  - <FILE_PLACEMENT_RULES> in docs/ai/generated/advisor-context.md:25198
  - <NAMING_RULES> in docs/ai/generated/advisor-context.md:25199
  - <GOLDEN_EXAMPLES> in docs/ai/generated/advisor-context.md:25200
  - <FORMATTER_CONFIG_FILES> in docs/ai/generated/advisor-context.md:25201
  - <LINTER_CONFIG_FILES> in docs/ai/generated/advisor-context.md:25202
  - <EDITORCONFIG_PATH> in docs/ai/generated/advisor-context.md:25203
  - <IGNORE_FILES> in docs/ai/generated/advisor-context.md:25204
  - <GENERATED_FILES> in docs/ai/generated/advisor-context.md:25205
  - <PROTECTED_FILES> in docs/ai/generated/advisor-context.md:25206
  - <INSTALL_COMMAND> in docs/ai/generated/advisor-context.md:25207
  - <FORMAT_COMMAND> in docs/ai/generated/advisor-context.md:25208
  - <PROJECT_NAME> in docs/ai/generated/advisor-context.md:30916
  - <PROJECT_NAME> in docs/ai/generated/advisor-context.md:32852
  - <PROJECT_TYPE> in docs/ai/generated/advisor-context.md:32853
  - <PRIMARY_LANGUAGE> in docs/ai/generated/advisor-context.md:32853
  - <PRIMARY_RUNTIME> in docs/ai/generated/advisor-context.md:32853
  - <SOURCE_DIRS> in docs/ai/generated/advisor-context.md:32853
  - <TEST_DIRS> in docs/ai/generated/advisor-context.md:32854
  - <TEST_COMMAND> in docs/ai/generated/advisor-context.md:32854
  - <BUILD_COMMAND> in docs/ai/generated/advisor-context.md:32854
  - <LINT_COMMAND> in docs/ai/generated/advisor-context.md:32854
  - <PACKAGE_MANAGER> in docs/ai/generated/advisor-context.md:32855
  - <CI_COMMANDS> in docs/ai/generated/advisor-context.md:32855
  - <PROTECTED_PATHS> in docs/ai/generated/advisor-context.md:32855
  - <PRIMARY_STACK> in docs/ai/generated/advisor-context.md:32855
  - <FILE_PLACEMENT_RULES> in docs/ai/generated/advisor-context.md:32856
  - <NAMING_RULES> in docs/ai/generated/advisor-context.md:32856
  - <GOLDEN_EXAMPLES> in docs/ai/generated/advisor-context.md:32856
  - <FORMATTER_CONFIG_FILES> in docs/ai/generated/advisor-context.md:32857
  - <LINTER_CONFIG_FILES> in docs/ai/generated/advisor-context.md:32857
  - <EDITORCONFIG_PATH> in docs/ai/generated/advisor-context.md:32857
  - <IGNORE_FILES> in docs/ai/generated/advisor-context.md:32858
  - <GENERATED_FILES> in docs/ai/generated/advisor-context.md:32858
  - <PROTECTED_FILES> in docs/ai/generated/advisor-context.md:32858
  - <INSTALL_COMMAND> in docs/ai/generated/advisor-context.md:32859
  - <FORMAT_COMMAND> in docs/ai/generated/advisor-context.md:32859
  - <PRIMARY_STACK> in docs/ai/generated/install-manifest.json:411
  - <FILE_PLACEMENT_RULES> in docs/ai/generated/install-manifest.json:412
  - <NAMING_RULES> in docs/ai/generated/install-manifest.json:413
  - <GOLDEN_EXAMPLES> in docs/ai/generated/install-manifest.json:414
  - <FORMATTER_CONFIG_FILES> in docs/ai/generated/install-manifest.json:415
  - <LINTER_CONFIG_FILES> in docs/ai/generated/install-manifest.json:416
  - <EDITORCONFIG_PATH> in docs/ai/generated/install-manifest.json:417
  - <IGNORE_FILES> in docs/ai/generated/install-manifest.json:418
  - <INSTALL_COMMAND> in docs/ai/generated/install-manifest.json:419
  - <FORMAT_COMMAND> in docs/ai/generated/install-manifest.json:420
  - <GENERATED_FILES> in docs/ai/generated/install-manifest.json:421
  - <PROTECTED_FILES> in docs/ai/generated/install-manifest.json:422
  - <FILE_PLACEMENT_RULES> in docs/ai/project-context-placeholders.md:7
  - <NAMING_RULES> in docs/ai/project-context-placeholders.md:8
  - <GOLDEN_EXAMPLES> in docs/ai/project-context-placeholders.md:9
  - <FORMATTER_CONFIG_FILES> in docs/ai/project-context-placeholders.md:16
  - <LINTER_CONFIG_FILES> in docs/ai/project-context-placeholders.md:17
  - <EDITORCONFIG_PATH> in docs/ai/project-context-placeholders.md:18
  - <IGNORE_FILES> in docs/ai/project-context-placeholders.md:19
  - <INSTALL_COMMAND> in docs/ai/project-context-placeholders.md:31
  - <FORMAT_COMMAND> in docs/ai/project-context-placeholders.md:33
  - <PRIMARY_STACK> in docs/ai/project-context.md:12
  - <FILE_PLACEMENT_RULES> in docs/ai/project-context.md:51
  - <NAMING_RULES> in docs/ai/project-context.md:52
  - <GOLDEN_EXAMPLES> in docs/ai/project-context.md:53
  - <FORMATTER_CONFIG_FILES> in docs/ai/project-context.md:60
  - <LINTER_CONFIG_FILES> in docs/ai/project-context.md:61
  - <EDITORCONFIG_PATH> in docs/ai/project-context.md:62
  - <IGNORE_FILES> in docs/ai/project-context.md:63
  - <GENERATED_FILES> in docs/ai/project-context.md:74
  - <PROTECTED_FILES> in docs/ai/project-context.md:75
  - <INSTALL_COMMAND> in docs/ai/project-context.md:88
  - <FORMAT_COMMAND> in docs/ai/project-context.md:90
Install is not complete. Resolve every required placeholder before trusting AI write-capable flows.
See packages/ai-universal-rules/PLACEHOLDERS.md for substitution guidance.
