STDOUT:

STDERR:
ERROR: 133 required placeholder occurrence(s) still present
  - <PROJECT_NAME> in docs/ai/catalog.md:247
  - <PROJECT_NAME> in docs/ai/catalog.md:247
  - <PROJECT_NAME> in docs/ai/catalog.md:260
  - <PROJECT_NAME> in docs/ai/catalog.md:261
  - <PROJECT_NAME> in docs/ai/catalog.md:267
  - <PROJECT_NAME> in docs/ai/catalog.md:268
  - <PROJECT_NAME> in docs/ai/catalog.md:307
  - <PROJECT_NAME> in docs/ai/catalog.md:308
  - <PROJECT_NAME> in docs/ai/catalog.md:309
  - <PROJECT_NAME> in docs/ai/catalog.md:310
  - <PROJECT_NAME> in docs/ai/catalog.md:311
  - <PROJECT_NAME> in docs/ai/catalog.md:313
  - <PROJECT_NAME> in docs/ai/catalog.md:354
  - <PROJECT_NAME> in docs/ai/generated/advisor-context.md:591
  - <PROJECT_NAME> in docs/ai/generated/advisor-context.md:594
  - <PROJECT_NAME> in docs/ai/generated/advisor-context.md:695
  - <PROJECT_NAME> in docs/ai/generated/advisor-context.md:703
  - <PROJECT_NAME> in docs/ai/generated/advisor-context.md:751
  - <PROJECT_NAME> in docs/ai/generated/advisor-context.md:759
  - <PROJECT_NAME> in docs/ai/generated/advisor-context.md:1074
  - <PROJECT_NAME> in docs/ai/generated/advisor-context.md:1082
  - <PROJECT_NAME> in docs/ai/generated/advisor-context.md:1090
  - <PROJECT_NAME> in docs/ai/generated/advisor-context.md:1098
  - <PROJECT_NAME> in docs/ai/generated/advisor-context.md:1106
  - <PROJECT_NAME> in docs/ai/generated/advisor-context.md:1122
  - <PROJECT_NAME> in docs/ai/generated/advisor-context.md:1450
  - <PROJECT_NAME> in docs/ai/generated/advisor-context.md:22933
  - <PROJECT_NAME> in docs/ai/generated/advisor-context.md:25033
  - <PROJECT_TYPE> in docs/ai/generated/advisor-context.md:25033
  - <PRIMARY_LANGUAGE> in docs/ai/generated/advisor-context.md:25033
  - <PRIMARY_RUNTIME> in docs/ai/generated/advisor-context.md:25033
  - <SOURCE_DIRS> in docs/ai/generated/advisor-context.md:25034
  - <TEST_DIRS> in docs/ai/generated/advisor-context.md:25034
  - <TEST_COMMAND> in docs/ai/generated/advisor-context.md:25034
  - <BUILD_COMMAND> in docs/ai/generated/advisor-context.md:25034
  - <LINT_COMMAND> in docs/ai/generated/advisor-context.md:25035
  - <PACKAGE_MANAGER> in docs/ai/generated/advisor-context.md:25035
  - <CI_COMMANDS> in docs/ai/generated/advisor-context.md:25035
  - <PROTECTED_PATHS> in docs/ai/generated/advisor-context.md:25035
  - <PRIMARY_STACK> in docs/ai/generated/advisor-context.md:25038
  - <FILE_PLACEMENT_RULES> in docs/ai/generated/advisor-context.md:25038
  - <NAMING_RULES> in docs/ai/generated/advisor-context.md:25038
  - <GOLDEN_EXAMPLES> in docs/ai/generated/advisor-context.md:25039
  - <FORMATTER_CONFIG_FILES> in docs/ai/generated/advisor-context.md:25039
  - <LINTER_CONFIG_FILES> in docs/ai/generated/advisor-context.md:25039
  - <EDITORCONFIG_PATH> in docs/ai/generated/advisor-context.md:25040
  - <IGNORE_FILES> in docs/ai/generated/advisor-context.md:25040
  - <GENERATED_FILES> in docs/ai/generated/advisor-context.md:25040
  - <PROTECTED_FILES> in docs/ai/generated/advisor-context.md:25041
  - <INSTALL_COMMAND> in docs/ai/generated/advisor-context.md:25041
  - <FORMAT_COMMAND> in docs/ai/generated/advisor-context.md:25041
  - <PROJECT_NAME> in docs/ai/generated/advisor-context.md:25090
  - <PROJECT_TYPE> in docs/ai/generated/advisor-context.md:25092
  - <PRIMARY_LANGUAGE> in docs/ai/generated/advisor-context.md:25093
  - <PRIMARY_RUNTIME> in docs/ai/generated/advisor-context.md:25094
  - <SOURCE_DIRS> in docs/ai/generated/advisor-context.md:25106
  - <TEST_DIRS> in docs/ai/generated/advisor-context.md:25107
  - <TEST_COMMAND> in docs/ai/generated/advisor-context.md:25108
  - <BUILD_COMMAND> in docs/ai/generated/advisor-context.md:25109
  - <LINT_COMMAND> in docs/ai/generated/advisor-context.md:25110
  - <PACKAGE_MANAGER> in docs/ai/generated/advisor-context.md:25111
  - <CI_COMMANDS> in docs/ai/generated/advisor-context.md:25112
  - <PROTECTED_PATHS> in docs/ai/generated/advisor-context.md:25113
  - <PRIMARY_STACK> in docs/ai/generated/advisor-context.md:25130
  - <FILE_PLACEMENT_RULES> in docs/ai/generated/advisor-context.md:25131
  - <NAMING_RULES> in docs/ai/generated/advisor-context.md:25132
  - <GOLDEN_EXAMPLES> in docs/ai/generated/advisor-context.md:25133
  - <FORMATTER_CONFIG_FILES> in docs/ai/generated/advisor-context.md:25134
  - <LINTER_CONFIG_FILES> in docs/ai/generated/advisor-context.md:25135
  - <EDITORCONFIG_PATH> in docs/ai/generated/advisor-context.md:25136
  - <IGNORE_FILES> in docs/ai/generated/advisor-context.md:25137
  - <GENERATED_FILES> in docs/ai/generated/advisor-context.md:25138
  - <PROTECTED_FILES> in docs/ai/generated/advisor-context.md:25139
  - <INSTALL_COMMAND> in docs/ai/generated/advisor-context.md:25140
  - <FORMAT_COMMAND> in docs/ai/generated/advisor-context.md:25141
  - <PROJECT_NAME> in docs/ai/generated/advisor-context.md:30849
  - <PROJECT_NAME> in docs/ai/generated/advisor-context.md:32785
  - <PROJECT_TYPE> in docs/ai/generated/advisor-context.md:32786
  - <PRIMARY_LANGUAGE> in docs/ai/generated/advisor-context.md:32786
  - <PRIMARY_RUNTIME> in docs/ai/generated/advisor-context.md:32786
  - <SOURCE_DIRS> in docs/ai/generated/advisor-context.md:32786
  - <TEST_DIRS> in docs/ai/generated/advisor-context.md:32787
  - <TEST_COMMAND> in docs/ai/generated/advisor-context.md:32787
  - <BUILD_COMMAND> in docs/ai/generated/advisor-context.md:32787
  - <LINT_COMMAND> in docs/ai/generated/advisor-context.md:32787
  - <PACKAGE_MANAGER> in docs/ai/generated/advisor-context.md:32788
  - <CI_COMMANDS> in docs/ai/generated/advisor-context.md:32788
  - <PROTECTED_PATHS> in docs/ai/generated/advisor-context.md:32788
  - <PRIMARY_STACK> in docs/ai/generated/advisor-context.md:32788
  - <FILE_PLACEMENT_RULES> in docs/ai/generated/advisor-context.md:32789
  - <NAMING_RULES> in docs/ai/generated/advisor-context.md:32789
  - <GOLDEN_EXAMPLES> in docs/ai/generated/advisor-context.md:32789
  - <FORMATTER_CONFIG_FILES> in docs/ai/generated/advisor-context.md:32790
  - <LINTER_CONFIG_FILES> in docs/ai/generated/advisor-context.md:32790
  - <EDITORCONFIG_PATH> in docs/ai/generated/advisor-context.md:32790
  - <IGNORE_FILES> in docs/ai/generated/advisor-context.md:32791
  - <GENERATED_FILES> in docs/ai/generated/advisor-context.md:32791
  - <PROTECTED_FILES> in docs/ai/generated/advisor-context.md:32791
  - <INSTALL_COMMAND> in docs/ai/generated/advisor-context.md:32792
  - <FORMAT_COMMAND> in docs/ai/generated/advisor-context.md:32792
  - <PRIMARY_STACK> in docs/ai/generated/install-manifest.json:411
  - <FILE_PLACEMENT_RULES> in docs/ai/generated/install-manifest.json:412
  - <NAMING_RULES> in docs/ai/generated/install-manifest.json:413
  - <GOLDEN_EXAMPLES> in docs/ai/generated/install-manifest.json:414
  - <FORMATTER_CONFIG_FILES> in docs/ai/generated/install-manifest.json:415
  - <LINTER_CONFIG_FILES> in docs/ai/generated/install-manifest.json:416
  - <EDITORCONFIG_PATH> in docs/ai/generated/install-manifest.json:417
  - <IGNORE_FILES> in docs/ai/generated/install-manifest.json:418
  - <INSTALL_COMMAND> in docs/ai/generated/install-manifest.json:419
  - <FORMAT_COMMAND> in docs/ai/generated/install-manifest.json:420
  - <GENERATED_FILES> in docs/ai/generated/install-manifest.json:421
  - <PROTECTED_FILES> in docs/ai/generated/install-manifest.json:422
  - <FILE_PLACEMENT_RULES> in docs/ai/project-context-placeholders.md:7
  - <NAMING_RULES> in docs/ai/project-context-placeholders.md:8
  - <GOLDEN_EXAMPLES> in docs/ai/project-context-placeholders.md:9
  - <FORMATTER_CONFIG_FILES> in docs/ai/project-context-placeholders.md:16
  - <LINTER_CONFIG_FILES> in docs/ai/project-context-placeholders.md:17
  - <EDITORCONFIG_PATH> in docs/ai/project-context-placeholders.md:18
  - <IGNORE_FILES> in docs/ai/project-context-placeholders.md:19
  - <INSTALL_COMMAND> in docs/ai/project-context-placeholders.md:31
  - <FORMAT_COMMAND> in docs/ai/project-context-placeholders.md:33
  - <PRIMARY_STACK> in docs/ai/project-context.md:12
  - <FILE_PLACEMENT_RULES> in docs/ai/project-context.md:51
  - <NAMING_RULES> in docs/ai/project-context.md:52
  - <GOLDEN_EXAMPLES> in docs/ai/project-context.md:53
  - <FORMATTER_CONFIG_FILES> in docs/ai/project-context.md:60
  - <LINTER_CONFIG_FILES> in docs/ai/project-context.md:61
  - <EDITORCONFIG_PATH> in docs/ai/project-context.md:62
  - <IGNORE_FILES> in docs/ai/project-context.md:63
  - <GENERATED_FILES> in docs/ai/project-context.md:74
  - <PROTECTED_FILES> in docs/ai/project-context.md:75
  - <INSTALL_COMMAND> in docs/ai/project-context.md:88
  - <FORMAT_COMMAND> in docs/ai/project-context.md:90
Install is not complete. Resolve every required placeholder before trusting AI write-capable flows.
See packages/ai-universal-rules/PLACEHOLDERS.md for substitution guidance.
