STDOUT:

STDERR:
ERROR: 133 required placeholder occurrence(s) still present
  - <PROJECT_NAME> in docs/ai/catalog.md:247
  - <PROJECT_NAME> in docs/ai/catalog.md:247
  - <PROJECT_NAME> in docs/ai/catalog.md:260
  - <PROJECT_NAME> in docs/ai/catalog.md:261
  - <PROJECT_NAME> in docs/ai/catalog.md:267
  - <PROJECT_NAME> in docs/ai/catalog.md:268
  - <PROJECT_NAME> in docs/ai/catalog.md:307
  - <PROJECT_NAME> in docs/ai/catalog.md:308
  - <PROJECT_NAME> in docs/ai/catalog.md:309
  - <PROJECT_NAME> in docs/ai/catalog.md:310
  - <PROJECT_NAME> in docs/ai/catalog.md:311
  - <PROJECT_NAME> in docs/ai/catalog.md:313
  - <PROJECT_NAME> in docs/ai/catalog.md:354
  - <PROJECT_NAME> in docs/ai/generated/advisor-context.md:611
  - <PROJECT_NAME> in docs/ai/generated/advisor-context.md:614
  - <PROJECT_NAME> in docs/ai/generated/advisor-context.md:715
  - <PROJECT_NAME> in docs/ai/generated/advisor-context.md:723
  - <PROJECT_NAME> in docs/ai/generated/advisor-context.md:771
  - <PROJECT_NAME> in docs/ai/generated/advisor-context.md:779
  - <PROJECT_NAME> in docs/ai/generated/advisor-context.md:1094
  - <PROJECT_NAME> in docs/ai/generated/advisor-context.md:1102
  - <PROJECT_NAME> in docs/ai/generated/advisor-context.md:1110
  - <PROJECT_NAME> in docs/ai/generated/advisor-context.md:1118
  - <PROJECT_NAME> in docs/ai/generated/advisor-context.md:1126
  - <PROJECT_NAME> in docs/ai/generated/advisor-context.md:1142
  - <PROJECT_NAME> in docs/ai/generated/advisor-context.md:1470
  - <PROJECT_NAME> in docs/ai/generated/advisor-context.md:23749
  - <PROJECT_NAME> in docs/ai/generated/advisor-context.md:25849
  - <PROJECT_TYPE> in docs/ai/generated/advisor-context.md:25849
  - <PRIMARY_LANGUAGE> in docs/ai/generated/advisor-context.md:25849
  - <PRIMARY_RUNTIME> in docs/ai/generated/advisor-context.md:25849
  - <SOURCE_DIRS> in docs/ai/generated/advisor-context.md:25850
  - <TEST_DIRS> in docs/ai/generated/advisor-context.md:25850
  - <TEST_COMMAND> in docs/ai/generated/advisor-context.md:25850
  - <BUILD_COMMAND> in docs/ai/generated/advisor-context.md:25850
  - <LINT_COMMAND> in docs/ai/generated/advisor-context.md:25851
  - <PACKAGE_MANAGER> in docs/ai/generated/advisor-context.md:25851
  - <CI_COMMANDS> in docs/ai/generated/advisor-context.md:25851
  - <PROTECTED_PATHS> in docs/ai/generated/advisor-context.md:25851
  - <PRIMARY_STACK> in docs/ai/generated/advisor-context.md:25854
  - <FILE_PLACEMENT_RULES> in docs/ai/generated/advisor-context.md:25854
  - <NAMING_RULES> in docs/ai/generated/advisor-context.md:25854
  - <GOLDEN_EXAMPLES> in docs/ai/generated/advisor-context.md:25855
  - <FORMATTER_CONFIG_FILES> in docs/ai/generated/advisor-context.md:25855
  - <LINTER_CONFIG_FILES> in docs/ai/generated/advisor-context.md:25855
  - <EDITORCONFIG_PATH> in docs/ai/generated/advisor-context.md:25856
  - <IGNORE_FILES> in docs/ai/generated/advisor-context.md:25856
  - <GENERATED_FILES> in docs/ai/generated/advisor-context.md:25856
  - <PROTECTED_FILES> in docs/ai/generated/advisor-context.md:25857
  - <INSTALL_COMMAND> in docs/ai/generated/advisor-context.md:25857
  - <FORMAT_COMMAND> in docs/ai/generated/advisor-context.md:25857
  - <PROJECT_NAME> in docs/ai/generated/advisor-context.md:25906
  - <PROJECT_TYPE> in docs/ai/generated/advisor-context.md:25908
  - <PRIMARY_LANGUAGE> in docs/ai/generated/advisor-context.md:25909
  - <PRIMARY_RUNTIME> in docs/ai/generated/advisor-context.md:25910
  - <SOURCE_DIRS> in docs/ai/generated/advisor-context.md:25922
  - <TEST_DIRS> in docs/ai/generated/advisor-context.md:25923
  - <TEST_COMMAND> in docs/ai/generated/advisor-context.md:25924
  - <BUILD_COMMAND> in docs/ai/generated/advisor-context.md:25925
  - <LINT_COMMAND> in docs/ai/generated/advisor-context.md:25926
  - <PACKAGE_MANAGER> in docs/ai/generated/advisor-context.md:25927
  - <CI_COMMANDS> in docs/ai/generated/advisor-context.md:25928
  - <PROTECTED_PATHS> in docs/ai/generated/advisor-context.md:25929
  - <PRIMARY_STACK> in docs/ai/generated/advisor-context.md:25946
  - <FILE_PLACEMENT_RULES> in docs/ai/generated/advisor-context.md:25947
  - <NAMING_RULES> in docs/ai/generated/advisor-context.md:25948
  - <GOLDEN_EXAMPLES> in docs/ai/generated/advisor-context.md:25949
  - <FORMATTER_CONFIG_FILES> in docs/ai/generated/advisor-context.md:25950
  - <LINTER_CONFIG_FILES> in docs/ai/generated/advisor-context.md:25951
  - <EDITORCONFIG_PATH> in docs/ai/generated/advisor-context.md:25952
  - <IGNORE_FILES> in docs/ai/generated/advisor-context.md:25953
  - <GENERATED_FILES> in docs/ai/generated/advisor-context.md:25954
  - <PROTECTED_FILES> in docs/ai/generated/advisor-context.md:25955
  - <INSTALL_COMMAND> in docs/ai/generated/advisor-context.md:25956
  - <FORMAT_COMMAND> in docs/ai/generated/advisor-context.md:25957
  - <PROJECT_NAME> in docs/ai/generated/advisor-context.md:31676
  - <PROJECT_NAME> in docs/ai/generated/advisor-context.md:33612
  - <PROJECT_TYPE> in docs/ai/generated/advisor-context.md:33613
  - <PRIMARY_LANGUAGE> in docs/ai/generated/advisor-context.md:33613
  - <PRIMARY_RUNTIME> in docs/ai/generated/advisor-context.md:33613
  - <SOURCE_DIRS> in docs/ai/generated/advisor-context.md:33613
  - <TEST_DIRS> in docs/ai/generated/advisor-context.md:33614
  - <TEST_COMMAND> in docs/ai/generated/advisor-context.md:33614
  - <BUILD_COMMAND> in docs/ai/generated/advisor-context.md:33614
  - <LINT_COMMAND> in docs/ai/generated/advisor-context.md:33614
  - <PACKAGE_MANAGER> in docs/ai/generated/advisor-context.md:33615
  - <CI_COMMANDS> in docs/ai/generated/advisor-context.md:33615
  - <PROTECTED_PATHS> in docs/ai/generated/advisor-context.md:33615
  - <PRIMARY_STACK> in docs/ai/generated/advisor-context.md:33615
  - <FILE_PLACEMENT_RULES> in docs/ai/generated/advisor-context.md:33616
  - <NAMING_RULES> in docs/ai/generated/advisor-context.md:33616
  - <GOLDEN_EXAMPLES> in docs/ai/generated/advisor-context.md:33616
  - <FORMATTER_CONFIG_FILES> in docs/ai/generated/advisor-context.md:33617
  - <LINTER_CONFIG_FILES> in docs/ai/generated/advisor-context.md:33617
  - <EDITORCONFIG_PATH> in docs/ai/generated/advisor-context.md:33617
  - <IGNORE_FILES> in docs/ai/generated/advisor-context.md:33618
  - <GENERATED_FILES> in docs/ai/generated/advisor-context.md:33618
  - <PROTECTED_FILES> in docs/ai/generated/advisor-context.md:33618
  - <INSTALL_COMMAND> in docs/ai/generated/advisor-context.md:33619
  - <FORMAT_COMMAND> in docs/ai/generated/advisor-context.md:33619
  - <PRIMARY_STACK> in docs/ai/generated/install-manifest.json:411
  - <FILE_PLACEMENT_RULES> in docs/ai/generated/install-manifest.json:412
  - <NAMING_RULES> in docs/ai/generated/install-manifest.json:413
  - <GOLDEN_EXAMPLES> in docs/ai/generated/install-manifest.json:414
  - <FORMATTER_CONFIG_FILES> in docs/ai/generated/install-manifest.json:415
  - <LINTER_CONFIG_FILES> in docs/ai/generated/install-manifest.json:416
  - <EDITORCONFIG_PATH> in docs/ai/generated/install-manifest.json:417
  - <IGNORE_FILES> in docs/ai/generated/install-manifest.json:418
  - <INSTALL_COMMAND> in docs/ai/generated/install-manifest.json:419
  - <FORMAT_COMMAND> in docs/ai/generated/install-manifest.json:420
  - <GENERATED_FILES> in docs/ai/generated/install-manifest.json:421
  - <PROTECTED_FILES> in docs/ai/generated/install-manifest.json:422
  - <FILE_PLACEMENT_RULES> in docs/ai/project-context-placeholders.md:7
  - <NAMING_RULES> in docs/ai/project-context-placeholders.md:8
  - <GOLDEN_EXAMPLES> in docs/ai/project-context-placeholders.md:9
  - <FORMATTER_CONFIG_FILES> in docs/ai/project-context-placeholders.md:16
  - <LINTER_CONFIG_FILES> in docs/ai/project-context-placeholders.md:17
  - <EDITORCONFIG_PATH> in docs/ai/project-context-placeholders.md:18
  - <IGNORE_FILES> in docs/ai/project-context-placeholders.md:19
  - <INSTALL_COMMAND> in docs/ai/project-context-placeholders.md:31
  - <FORMAT_COMMAND> in docs/ai/project-context-placeholders.md:33
  - <PRIMARY_STACK> in docs/ai/project-context.md:12
  - <FILE_PLACEMENT_RULES> in docs/ai/project-context.md:51
  - <NAMING_RULES> in docs/ai/project-context.md:52
  - <GOLDEN_EXAMPLES> in docs/ai/project-context.md:53
  - <FORMATTER_CONFIG_FILES> in docs/ai/project-context.md:60
  - <LINTER_CONFIG_FILES> in docs/ai/project-context.md:61
  - <EDITORCONFIG_PATH> in docs/ai/project-context.md:62
  - <IGNORE_FILES> in docs/ai/project-context.md:63
  - <GENERATED_FILES> in docs/ai/project-context.md:74
  - <PROTECTED_FILES> in docs/ai/project-context.md:75
  - <INSTALL_COMMAND> in docs/ai/project-context.md:88
  - <FORMAT_COMMAND> in docs/ai/project-context.md:90
Install is not complete. Resolve every required placeholder before trusting AI write-capable flows.
See packages/ai-universal-rules/PLACEHOLDERS.md for substitution guidance.
