STDOUT:

STDERR:
ERROR: 133 required placeholder occurrence(s) still present
  - <PROJECT_NAME> in docs/ai/catalog.md:247
  - <PROJECT_NAME> in docs/ai/catalog.md:247
  - <PROJECT_NAME> in docs/ai/catalog.md:260
  - <PROJECT_NAME> in docs/ai/catalog.md:261
  - <PROJECT_NAME> in docs/ai/catalog.md:267
  - <PROJECT_NAME> in docs/ai/catalog.md:268
  - <PROJECT_NAME> in docs/ai/catalog.md:307
  - <PROJECT_NAME> in docs/ai/catalog.md:308
  - <PROJECT_NAME> in docs/ai/catalog.md:309
  - <PROJECT_NAME> in docs/ai/catalog.md:310
  - <PROJECT_NAME> in docs/ai/catalog.md:311
  - <PROJECT_NAME> in docs/ai/catalog.md:313
  - <PROJECT_NAME> in docs/ai/catalog.md:354
  - <PROJECT_NAME> in docs/ai/generated/advisor-context.md:593
  - <PROJECT_NAME> in docs/ai/generated/advisor-context.md:596
  - <PROJECT_NAME> in docs/ai/generated/advisor-context.md:697
  - <PROJECT_NAME> in docs/ai/generated/advisor-context.md:705
  - <PROJECT_NAME> in docs/ai/generated/advisor-context.md:753
  - <PROJECT_NAME> in docs/ai/generated/advisor-context.md:761
  - <PROJECT_NAME> in docs/ai/generated/advisor-context.md:1076
  - <PROJECT_NAME> in docs/ai/generated/advisor-context.md:1084
  - <PROJECT_NAME> in docs/ai/generated/advisor-context.md:1092
  - <PROJECT_NAME> in docs/ai/generated/advisor-context.md:1100
  - <PROJECT_NAME> in docs/ai/generated/advisor-context.md:1108
  - <PROJECT_NAME> in docs/ai/generated/advisor-context.md:1124
  - <PROJECT_NAME> in docs/ai/generated/advisor-context.md:1452
  - <PROJECT_NAME> in docs/ai/generated/advisor-context.md:22935
  - <PROJECT_NAME> in docs/ai/generated/advisor-context.md:25035
  - <PROJECT_TYPE> in docs/ai/generated/advisor-context.md:25035
  - <PRIMARY_LANGUAGE> in docs/ai/generated/advisor-context.md:25035
  - <PRIMARY_RUNTIME> in docs/ai/generated/advisor-context.md:25035
  - <SOURCE_DIRS> in docs/ai/generated/advisor-context.md:25036
  - <TEST_DIRS> in docs/ai/generated/advisor-context.md:25036
  - <TEST_COMMAND> in docs/ai/generated/advisor-context.md:25036
  - <BUILD_COMMAND> in docs/ai/generated/advisor-context.md:25036
  - <LINT_COMMAND> in docs/ai/generated/advisor-context.md:25037
  - <PACKAGE_MANAGER> in docs/ai/generated/advisor-context.md:25037
  - <CI_COMMANDS> in docs/ai/generated/advisor-context.md:25037
  - <PROTECTED_PATHS> in docs/ai/generated/advisor-context.md:25037
  - <PRIMARY_STACK> in docs/ai/generated/advisor-context.md:25040
  - <FILE_PLACEMENT_RULES> in docs/ai/generated/advisor-context.md:25040
  - <NAMING_RULES> in docs/ai/generated/advisor-context.md:25040
  - <GOLDEN_EXAMPLES> in docs/ai/generated/advisor-context.md:25041
  - <FORMATTER_CONFIG_FILES> in docs/ai/generated/advisor-context.md:25041
  - <LINTER_CONFIG_FILES> in docs/ai/generated/advisor-context.md:25041
  - <EDITORCONFIG_PATH> in docs/ai/generated/advisor-context.md:25042
  - <IGNORE_FILES> in docs/ai/generated/advisor-context.md:25042
  - <GENERATED_FILES> in docs/ai/generated/advisor-context.md:25042
  - <PROTECTED_FILES> in docs/ai/generated/advisor-context.md:25043
  - <INSTALL_COMMAND> in docs/ai/generated/advisor-context.md:25043
  - <FORMAT_COMMAND> in docs/ai/generated/advisor-context.md:25043
  - <PROJECT_NAME> in docs/ai/generated/advisor-context.md:25092
  - <PROJECT_TYPE> in docs/ai/generated/advisor-context.md:25094
  - <PRIMARY_LANGUAGE> in docs/ai/generated/advisor-context.md:25095
  - <PRIMARY_RUNTIME> in docs/ai/generated/advisor-context.md:25096
  - <SOURCE_DIRS> in docs/ai/generated/advisor-context.md:25108
  - <TEST_DIRS> in docs/ai/generated/advisor-context.md:25109
  - <TEST_COMMAND> in docs/ai/generated/advisor-context.md:25110
  - <BUILD_COMMAND> in docs/ai/generated/advisor-context.md:25111
  - <LINT_COMMAND> in docs/ai/generated/advisor-context.md:25112
  - <PACKAGE_MANAGER> in docs/ai/generated/advisor-context.md:25113
  - <CI_COMMANDS> in docs/ai/generated/advisor-context.md:25114
  - <PROTECTED_PATHS> in docs/ai/generated/advisor-context.md:25115
  - <PRIMARY_STACK> in docs/ai/generated/advisor-context.md:25132
  - <FILE_PLACEMENT_RULES> in docs/ai/generated/advisor-context.md:25133
  - <NAMING_RULES> in docs/ai/generated/advisor-context.md:25134
  - <GOLDEN_EXAMPLES> in docs/ai/generated/advisor-context.md:25135
  - <FORMATTER_CONFIG_FILES> in docs/ai/generated/advisor-context.md:25136
  - <LINTER_CONFIG_FILES> in docs/ai/generated/advisor-context.md:25137
  - <EDITORCONFIG_PATH> in docs/ai/generated/advisor-context.md:25138
  - <IGNORE_FILES> in docs/ai/generated/advisor-context.md:25139
  - <GENERATED_FILES> in docs/ai/generated/advisor-context.md:25140
  - <PROTECTED_FILES> in docs/ai/generated/advisor-context.md:25141
  - <INSTALL_COMMAND> in docs/ai/generated/advisor-context.md:25142
  - <FORMAT_COMMAND> in docs/ai/generated/advisor-context.md:25143
  - <PROJECT_NAME> in docs/ai/generated/advisor-context.md:30851
  - <PROJECT_NAME> in docs/ai/generated/advisor-context.md:32787
  - <PROJECT_TYPE> in docs/ai/generated/advisor-context.md:32788
  - <PRIMARY_LANGUAGE> in docs/ai/generated/advisor-context.md:32788
  - <PRIMARY_RUNTIME> in docs/ai/generated/advisor-context.md:32788
  - <SOURCE_DIRS> in docs/ai/generated/advisor-context.md:32788
  - <TEST_DIRS> in docs/ai/generated/advisor-context.md:32789
  - <TEST_COMMAND> in docs/ai/generated/advisor-context.md:32789
  - <BUILD_COMMAND> in docs/ai/generated/advisor-context.md:32789
  - <LINT_COMMAND> in docs/ai/generated/advisor-context.md:32789
  - <PACKAGE_MANAGER> in docs/ai/generated/advisor-context.md:32790
  - <CI_COMMANDS> in docs/ai/generated/advisor-context.md:32790
  - <PROTECTED_PATHS> in docs/ai/generated/advisor-context.md:32790
  - <PRIMARY_STACK> in docs/ai/generated/advisor-context.md:32790
  - <FILE_PLACEMENT_RULES> in docs/ai/generated/advisor-context.md:32791
  - <NAMING_RULES> in docs/ai/generated/advisor-context.md:32791
  - <GOLDEN_EXAMPLES> in docs/ai/generated/advisor-context.md:32791
  - <FORMATTER_CONFIG_FILES> in docs/ai/generated/advisor-context.md:32792
  - <LINTER_CONFIG_FILES> in docs/ai/generated/advisor-context.md:32792
  - <EDITORCONFIG_PATH> in docs/ai/generated/advisor-context.md:32792
  - <IGNORE_FILES> in docs/ai/generated/advisor-context.md:32793
  - <GENERATED_FILES> in docs/ai/generated/advisor-context.md:32793
  - <PROTECTED_FILES> in docs/ai/generated/advisor-context.md:32793
  - <INSTALL_COMMAND> in docs/ai/generated/advisor-context.md:32794
  - <FORMAT_COMMAND> in docs/ai/generated/advisor-context.md:32794
  - <PRIMARY_STACK> in docs/ai/generated/install-manifest.json:411
  - <FILE_PLACEMENT_RULES> in docs/ai/generated/install-manifest.json:412
  - <NAMING_RULES> in docs/ai/generated/install-manifest.json:413
  - <GOLDEN_EXAMPLES> in docs/ai/generated/install-manifest.json:414
  - <FORMATTER_CONFIG_FILES> in docs/ai/generated/install-manifest.json:415
  - <LINTER_CONFIG_FILES> in docs/ai/generated/install-manifest.json:416
  - <EDITORCONFIG_PATH> in docs/ai/generated/install-manifest.json:417
  - <IGNORE_FILES> in docs/ai/generated/install-manifest.json:418
  - <INSTALL_COMMAND> in docs/ai/generated/install-manifest.json:419
  - <FORMAT_COMMAND> in docs/ai/generated/install-manifest.json:420
  - <GENERATED_FILES> in docs/ai/generated/install-manifest.json:421
  - <PROTECTED_FILES> in docs/ai/generated/install-manifest.json:422
  - <FILE_PLACEMENT_RULES> in docs/ai/project-context-placeholders.md:7
  - <NAMING_RULES> in docs/ai/project-context-placeholders.md:8
  - <GOLDEN_EXAMPLES> in docs/ai/project-context-placeholders.md:9
  - <FORMATTER_CONFIG_FILES> in docs/ai/project-context-placeholders.md:16
  - <LINTER_CONFIG_FILES> in docs/ai/project-context-placeholders.md:17
  - <EDITORCONFIG_PATH> in docs/ai/project-context-placeholders.md:18
  - <IGNORE_FILES> in docs/ai/project-context-placeholders.md:19
  - <INSTALL_COMMAND> in docs/ai/project-context-placeholders.md:31
  - <FORMAT_COMMAND> in docs/ai/project-context-placeholders.md:33
  - <PRIMARY_STACK> in docs/ai/project-context.md:12
  - <FILE_PLACEMENT_RULES> in docs/ai/project-context.md:51
  - <NAMING_RULES> in docs/ai/project-context.md:52
  - <GOLDEN_EXAMPLES> in docs/ai/project-context.md:53
  - <FORMATTER_CONFIG_FILES> in docs/ai/project-context.md:60
  - <LINTER_CONFIG_FILES> in docs/ai/project-context.md:61
  - <EDITORCONFIG_PATH> in docs/ai/project-context.md:62
  - <IGNORE_FILES> in docs/ai/project-context.md:63
  - <GENERATED_FILES> in docs/ai/project-context.md:74
  - <PROTECTED_FILES> in docs/ai/project-context.md:75
  - <INSTALL_COMMAND> in docs/ai/project-context.md:88
  - <FORMAT_COMMAND> in docs/ai/project-context.md:90
Install is not complete. Resolve every required placeholder before trusting AI write-capable flows.
See packages/ai-universal-rules/PLACEHOLDERS.md for substitution guidance.
