STDOUT:

STDERR:
ERROR: 46 required placeholder occurrence(s) still present
  - <FILE_PLACEMENT_RULES> in docs/ai/project-context-placeholders.md:7
  - <NAMING_RULES> in docs/ai/project-context-placeholders.md:8
  - <GOLDEN_EXAMPLES> in docs/ai/project-context-placeholders.md:9
  - <FORMATTER_CONFIG_FILES> in docs/ai/project-context-placeholders.md:16
  - <LINTER_CONFIG_FILES> in docs/ai/project-context-placeholders.md:17
  - <EDITORCONFIG_PATH> in docs/ai/project-context-placeholders.md:18
  - <IGNORE_FILES> in docs/ai/project-context-placeholders.md:19
  - <INSTALL_COMMAND> in docs/ai/project-context-placeholders.md:31
  - <FORMAT_COMMAND> in docs/ai/project-context-placeholders.md:33
  - <PRIMARY_STACK> in docs/ai/generated/install-manifest.json:411
  - <FILE_PLACEMENT_RULES> in docs/ai/generated/install-manifest.json:412
  - <NAMING_RULES> in docs/ai/generated/install-manifest.json:413
  - <GOLDEN_EXAMPLES> in docs/ai/generated/install-manifest.json:414
  - <FORMATTER_CONFIG_FILES> in docs/ai/generated/install-manifest.json:415
  - <LINTER_CONFIG_FILES> in docs/ai/generated/install-manifest.json:416
  - <EDITORCONFIG_PATH> in docs/ai/generated/install-manifest.json:417
  - <IGNORE_FILES> in docs/ai/generated/install-manifest.json:418
  - <INSTALL_COMMAND> in docs/ai/generated/install-manifest.json:419
  - <FORMAT_COMMAND> in docs/ai/generated/install-manifest.json:420
  - <GENERATED_FILES> in docs/ai/generated/install-manifest.json:421
  - <PROTECTED_FILES> in docs/ai/generated/install-manifest.json:422
  - <PROJECT_NAME> in docs/ai/catalog.md:247
  - <PROJECT_NAME> in docs/ai/catalog.md:247
  - <PROJECT_NAME> in docs/ai/catalog.md:260
  - <PROJECT_NAME> in docs/ai/catalog.md:261
  - <PROJECT_NAME> in docs/ai/catalog.md:267
  - <PROJECT_NAME> in docs/ai/catalog.md:268
  - <PROJECT_NAME> in docs/ai/catalog.md:307
  - <PROJECT_NAME> in docs/ai/catalog.md:308
  - <PROJECT_NAME> in docs/ai/catalog.md:309
  - <PROJECT_NAME> in docs/ai/catalog.md:310
  - <PROJECT_NAME> in docs/ai/catalog.md:311
  - <PROJECT_NAME> in docs/ai/catalog.md:313
  - <PROJECT_NAME> in docs/ai/catalog.md:354
  - <PRIMARY_STACK> in docs/ai/project-context.md:12
  - <FILE_PLACEMENT_RULES> in docs/ai/project-context.md:51
  - <NAMING_RULES> in docs/ai/project-context.md:52
  - <GOLDEN_EXAMPLES> in docs/ai/project-context.md:53
  - <FORMATTER_CONFIG_FILES> in docs/ai/project-context.md:60
  - <LINTER_CONFIG_FILES> in docs/ai/project-context.md:61
  - <EDITORCONFIG_PATH> in docs/ai/project-context.md:62
  - <IGNORE_FILES> in docs/ai/project-context.md:63
  - <GENERATED_FILES> in docs/ai/project-context.md:74
  - <PROTECTED_FILES> in docs/ai/project-context.md:75
  - <INSTALL_COMMAND> in docs/ai/project-context.md:88
  - <FORMAT_COMMAND> in docs/ai/project-context.md:90
Install is not complete. Resolve every required placeholder before trusting AI write-capable flows.
See packages/ai-universal-rules/PLACEHOLDERS.md for substitution guidance.
